2026-02-25T10:57:19Z | block=42613844 | kind=Cross-dex | hops=V3CL→V3CL | token=WETH | idx=5322 | profit=0.000296218338530463 WETH | amount_in=1.837 | p1=0x72ab…2d38 | p2=0xdbc6…30f1 | p3=0x72ab…2d38
2026-02-25T10:57:19Z | block=42613844 | kind=Cross-dex | hops=V3CL→V3CL | token=USDC | idx=10115 | profit=0.566538 USDC | amount_in=3514.116 | p1=0xdbc6…30f1 | p2=0x72ab…2d38 | p3=0xdbc6…30f1
2026-02-25T10:57:23Z | block=42613846 | kind=Cross-dex | hops=V3CL→V3CL | token=WETH | idx=5322 | profit=0.00030340220991776 WETH | amount_in=1.856 | p1=0x72ab…2d38 | p2=0xdbc6…30f1 | p3=0x72ab…2d38
2026-02-25T10:57:23Z | block=42613846 | kind=Cross-dex | hops=V3CL→V3CL | token=USDC | idx=10115 | profit=0.580277 USDC | amount_in=3547.492 | p1=0xdbc6…30f1 | p2=0x72ab…2d38 | p3=0xdbc6…30f1
2026-02-25T10:57:25Z | block=42613847 | kind=Cross-dex | hops=V3CL→V3CL | token=WETH | idx=5322 | profit=0.000396324173785944 WETH | amount_in=2.084 | p1=0x72ab…2d38 | p2=0xdbc6…30f1 | p3=0x72ab…2d38
2026-02-25T10:57:25Z | block=42613847 | kind=Cross-dex | hops=V3CL→V3CL | token=USDC | idx=10115 | profit=0.758001 USDC | amount_in=3981.379 | p1=0xdbc6…30f1 | p2=0x72ab…2d38 | p3=0xdbc6…30f1
2026-02-25T10:57:27Z | block=42613848 | kind=Cross-dex | hops=V3CL→V3CL | token=WETH | idx=5322 | profit=0.000379165379169006 WETH | amount_in=2.044 | p1=0x72ab…2d38 | p2=0xdbc6…30f1 | p3=0x72ab…2d38
2026-02-25T10:57:27Z | block=42613848 | kind=Cross-dex | hops=V3CL→V3CL | token=USDC | idx=10115 | profit=0.725184 USDC | amount_in=3906.368 | p1=0xdbc6…30f1 | p2=0x72ab…2d38 | p3=0xdbc6…30f1
2026-02-25T10:57:29Z | block=42613849 | kind=Cross-dex | hops=V3CL→V3CL | token=WETH | idx=5322 | profit=0.000370145428770125 WETH | amount_in=2.023 | p1=0x72ab…2d38 | p2=0xdbc6…30f1 | p3=0x72ab…2d38
2026-02-25T10:57:29Z | block=42613849 | kind=Cross-dex | hops=V3CL→V3CL | token=USDC | idx=10115 | profit=0.707933 USDC | amount_in=3865.948 | p1=0xdbc6…30f1 | p2=0x72ab…2d38 | p3=0xdbc6…30f1
2026-02-25T10:57:32Z | block=42613850 | kind=Cross-dex | hops=V3CL→V3CL | token=WETH | idx=5322 | profit=0.000357150195726355 WETH | amount_in=1.991 | p1=0x72ab…2d38 | p2=0xdbc6…30f1 | p3=0x72ab…2d38
2026-02-25T10:57:32Z | block=42613850 | kind=Cross-dex | hops=V3CL→V3CL | token=USDC | idx=10115 | profit=0.683078 USDC | amount_in=3806.215 | p1=0xdbc6…30f1 | p2=0x72ab…2d38 | p3=0xdbc6…30f1
2026-02-25T10:57:33Z | block=42613851 | kind=Cross-dex | hops=V3CL→V3CL | token=WETH | idx=5322 | profit=0.000564326473262013 WETH | amount_in=2.441 | p1=0x72ab…2d38 | p2=0xdbc6…30f1 | p3=0x72ab…2d38
2026-02-25T10:57:33Z | block=42613851 | kind=Cross-dex | hops=V3CL→V3CL | token=USDC | idx=10115 | profit=1.079312 USDC | amount_in=4668.993 | p1=0xdbc6…30f1 | p2=0x72ab…2d38 | p3=0xdbc6…30f1
2026-02-25T10:57:38Z | block=42613853 | kind=Cross-dex | hops=V3CL→V3CL | token=WETH | idx=5322 | profit=0.000785793824585946 WETH | amount_in=2.851 | p1=0x72ab…2d38 | p2=0xdbc6…30f1 | p3=0x72ab…2d38
2026-02-25T10:57:38Z | block=42613853 | kind=Triangular | hops=V3CL→V3CL→V3CL | token=WETH | idx=4485 | profit=0.000353413841507159 WETH | amount_in=1.754 | p1=0xc211…b3f3 | p2=0xb94b…b3df | p3=0xdbc6…30f1
2026-02-25T10:57:38Z | block=42613853 | kind=Cross-dex | hops=V3CL→V3CL | token=USDC | idx=10115 | profit=1.502845 USDC | amount_in=5453.016 | p1=0xdbc6…30f1 | p2=0x72ab…2d38 | p3=0xdbc6…30f1
2026-02-25T10:57:39Z | block=42613854 | kind=Cross-dex | hops=V3CL→V3CL | token=WETH | idx=5322 | profit=0.000785421142957722 WETH | amount_in=2.851 | p1=0x72ab…2d38 | p2=0xdbc6…30f1 | p3=0x72ab…2d38
2026-02-25T10:57:40Z | block=42613854 | kind=Triangular | hops=V3CL→V3CL→V3CL | token=WETH | idx=4485 | profit=0.000353174173324708 WETH | amount_in=1.754 | p1=0xc211…b3f3 | p2=0xb94b…b3df | p3=0xdbc6…30f1
2026-02-25T10:57:40Z | block=42613854 | kind=Cross-dex | hops=V3CL→V3CL | token=USDC | idx=10115 | profit=1.502132 USDC | amount_in=5451.803 | p1=0xdbc6…30f1 | p2=0x72ab…2d38 | p3=0xdbc6…30f1
2026-02-25T10:57:41Z | block=42613855 | kind=Cross-dex | hops=V3CL→V3CL | token=WETH | idx=5322 | profit=0.000767848864244389 WETH | amount_in=2.823 | p1=0x72ab…2d38 | p2=0xdbc6…30f1 | p3=0x72ab…2d38
2026-02-25T10:57:41Z | block=42613855 | kind=Triangular | hops=V3CL→V3CL→V3CL | token=WETH | idx=4485 | profit=0.000342369852742283 WETH | amount_in=1.715 | p1=0xc211…b3f3 | p2=0xb94b…b3df | p3=0xdbc6…30f1
2026-02-25T10:57:41Z | block=42613855 | kind=Cross-dex | hops=V3CL→V3CL | token=USDC | idx=10115 | profit=1.468528 USDC | amount_in=5393.818 | p1=0xdbc6…30f1 | p2=0x72ab…2d38 | p3=0xdbc6…30f1
2026-02-25T10:57:43Z | block=42613856 | kind=Cross-dex | hops=V3CL→V3CL | token=WETH | idx=5322 | profit=0.000760353127717931 WETH | amount_in=2.808 | p1=0x72ab…2d38 | p2=0xdbc6…30f1 | p3=0x72ab…2d38
2026-02-25T10:57:43Z | block=42613856 | kind=Triangular | hops=V3CL→V3CL→V3CL | token=WETH | idx=4485 | profit=0.000337776927281811 WETH | amount_in=1.715 | p1=0xc211…b3f3 | p2=0xb94b…b3df | p3=0xdbc6…30f1
2026-02-25T10:57:43Z | block=42613856 | kind=Cross-dex | hops=V3CL→V3CL | token=USDC | idx=10115 | profit=1.454193 USDC | amount_in=5369.09 | p1=0xdbc6…30f1 | p2=0x72ab…2d38 | p3=0xdbc6…30f1
2026-02-25T10:57:45Z | block=42613857 | kind=Cross-dex | hops=V3CL→V3CL | token=WETH | idx=5322 | profit=0.000738249546048141 WETH | amount_in=2.77 | p1=0x72ab…2d38 | p2=0xdbc6…30f1 | p3=0x72ab…2d38
2026-02-25T10:57:45Z | block=42613857 | kind=Triangular | hops=V3CL→V3CL→V3CL | token=WETH | idx=4485 | profit=0.000324420868922804 WETH | amount_in=1.685 | p1=0xc211…b3f3 | p2=0xb94b…b3df | p3=0xdbc6…30f1
2026-02-25T10:57:45Z | block=42613857 | kind=Cross-dex | hops=V3CL→V3CL | token=USDC | idx=10115 | profit=1.411923 USDC | amount_in=5294.454 | p1=0xdbc6…30f1 | p2=0x72ab…2d38 | p3=0xdbc6…30f1
2026-02-25T10:57:49Z | block=42613858 | kind=Cross-dex | hops=V3CL→V3CL | token=WETH | idx=5322 | profit=0.00068802871145265 WETH | amount_in=2.681 | p1=0x72ab…2d38 | p2=0xdbc6…30f1 | p3=0x72ab…2d38
2026-02-25T10:57:49Z | block=42613858 | kind=Triangular | hops=V3CL→V3CL→V3CL | token=WETH | idx=4485 | profit=0.000293834897380331 WETH | amount_in=1.624 | p1=0xc211…b3f3 | p2=0xb94b…b3df | p3=0xdbc6…30f1
2026-02-25T10:57:49Z | block=42613858 | kind=Cross-dex | hops=V3CL→V3CL | token=USDC | idx=10115 | profit=1.315882 USDC | amount_in=5125.557 | p1=0xdbc6…30f1 | p2=0x72ab…2d38 | p3=0xdbc6…30f1
2026-02-25T10:57:50Z | block=42613859 | kind=Cross-dex | hops=V3CL→V3CL | token=WETH | idx=5322 | profit=0.00068777853826285 WETH | amount_in=2.681 | p1=0x72ab…2d38 | p2=0xdbc6…30f1 | p3=0x72ab…2d38
2026-02-25T10:57:50Z | block=42613859 | kind=Triangular | hops=V3CL→V3CL→V3CL | token=WETH | idx=4485 | profit=0.000293638332868641 WETH | amount_in=1.624 | p1=0xc211…b3f3 | p2=0xb94b…b3df | p3=0xdbc6…30f1
2026-02-25T10:57:50Z | block=42613859 | kind=Cross-dex | hops=V3CL→V3CL | token=USDC | idx=10115 | profit=1.315403 USDC | amount_in=5124.505 | p1=0xdbc6…30f1 | p2=0x72ab…2d38 | p3=0xdbc6…30f1
2026-02-25T10:57:51Z | block=42613860 | kind=Cross-dex | hops=V3CL→V3CL | token=WETH | idx=5322 | profit=0.000807625784314702 WETH | amount_in=2.889 | p1=0x72ab…2d38 | p2=0xdbc6…30f1 | p3=0x72ab…2d38
2026-02-25T10:57:51Z | block=42613860 | kind=Triangular | hops=V3CL→V3CL→V3CL | token=WETH | idx=4485 | profit=0.000367067967410827 WETH | amount_in=1.795 | p1=0xc211…b3f3 | p2=0xb94b…b3df | p3=0xdbc6…30f1
2026-02-25T10:57:51Z | block=42613860 | kind=Cross-dex | hops=V3CL→V3CL | token=USDC | idx=10115 | profit=1.544595 USDC | amount_in=5523.538 | p1=0xdbc6…30f1 | p2=0x72ab…2d38 | p3=0xdbc6…30f1
2026-02-25T10:57:55Z | block=42613862 | kind=Cross-dex | hops=V3CL→V3CL | token=WETH | idx=5322 | profit=0.000746591329506425 WETH | amount_in=2.785 | p1=0x72ab…2d38 | p2=0xdbc6…30f1 | p3=0x72ab…2d38
2026-02-25T10:57:55Z | block=42613862 | kind=Triangular | hops=V3CL→V3CL→V3CL | token=WETH | idx=4485 | profit=0.000329362857015577 WETH | amount_in=1.701 | p1=0xc211…b3f3 | p2=0xb94b…b3df | p3=0xdbc6…30f1
2026-02-25T10:57:55Z | block=42613862 | kind=Cross-dex | hops=V3CL→V3CL | token=USDC | idx=10115 | profit=1.427877 USDC | amount_in=5323.245 | p1=0xdbc6…30f1 | p2=0x72ab…2d38 | p3=0xdbc6…30f1
2026-02-25T10:57:57Z | block=42613863 | kind=Cross-dex | hops=V3CL→V3CL | token=WETH | idx=5322 | profit=0.000739392795816459 WETH | amount_in=2.773 | p1=0x72ab…2d38 | p2=0xdbc6…30f1 | p3=0x72ab…2d38
2026-02-25T10:57:57Z | block=42613863 | kind=Triangular | hops=V3CL→V3CL→V3CL | token=WETH | idx=4485 | profit=0.000325083105209102 WETH | amount_in=1.685 | p1=0xc211…b3f3 | p2=0xb94b…b3df | p3=0xdbc6…30f1
2026-02-25T10:57:58Z | block=42613863 | kind=Cross-dex | hops=V3CL→V3CL | token=USDC | idx=10115 | profit=1.414109 USDC | amount_in=5297.453 | p1=0xdbc6…30f1 | p2=0x72ab…2d38 | p3=0xdbc6…30f1
2026-02-25T10:57:59Z | block=42613864 | kind=Cross-dex | hops=V3CL→V3CL | token=WETH | idx=5322 | profit=0.000838372208088003 WETH | amount_in=2.941 | p1=0x72ab…2d38 | p2=0xdbc6…30f1 | p3=0x72ab…2d38
2026-02-25T10:58:00Z | block=42613864 | kind=Triangular | hops=V3CL→V3CL→V3CL | token=WETH | idx=4485 | profit=0.000386131610655566 WETH | amount_in=1.835 | p1=0xc211…b3f3 | p2=0xb94b…b3df | p3=0xdbc6…30f1
2026-02-25T10:58:00Z | block=42613864 | kind=Cross-dex | hops=V3CL→V3CL | token=USDC | idx=10115 | profit=1.603392 USDC | amount_in=5619.115 | p1=0xdbc6…30f1 | p2=0x72ab…2d38 | p3=0xdbc6…30f1
2026-02-25T10:58:01Z | block=42613865 | kind=Cross-dex | hops=V3CL→V3CL | token=WETH | idx=5322 | profit=0.000814442292570066 WETH | amount_in=2.899 | p1=0x72ab…2d38 | p2=0xdbc6…30f1 | p3=0x72ab…2d38
2026-02-25T10:58:01Z | block=42613865 | kind=Triangular | hops=V3CL→V3CL→V3CL | token=WETH | idx=4485 | profit=0.000371341815880603 WETH | amount_in=1.798 | p1=0xc211…b3f3 | p2=0xb94b…b3df | p3=0xdbc6…30f1
2026-02-25T10:58:01Z | block=42613865 | kind=Cross-dex | hops=V3CL→V3CL | token=USDC | idx=10115 | profit=1.557631 USDC | amount_in=5544.481 | p1=0xdbc6…30f1 | p2=0x72ab…2d38 | p3=0xdbc6…30f1
2026-02-25T10:58:03Z | block=42613866 | kind=Cross-dex | hops=V3CL→V3CL | token=WETH | idx=5322 | profit=0.001351207564512537 WETH | amount_in=3.69 | p1=0x72ab…2d38 | p2=0xdbc6…30f1 | p3=0x72ab…2d38
2026-02-25T10:58:03Z | block=42613866 | kind=Triangular | hops=V3CL→V3CL→V3CL | token=WETH | idx=4485 | profit=0.00071868904272996 WETH | amount_in=2.475 | p1=0xc211…b3f3 | p2=0xb94b…b3df | p3=0xdbc6…30f1
2026-02-25T10:58:04Z | block=42613866 | kind=Cross-dex | hops=V3CL→V3CL | token=USDC | idx=10115 | profit=2.584028 USDC | amount_in=7049.554 | p1=0xdbc6…30f1 | p2=0x72ab…2d38 | p3=0xdbc6…30f1
2026-02-25T10:58:06Z | block=42613867 | kind=Cross-dex | hops=V3CL→V3CL | token=WETH | idx=5322 | profit=0.002838224111163397 WETH | amount_in=5.546 | p1=0x72ab…2d38 | p2=0xdbc6…30f1 | p3=0x72ab…2d38
2026-02-25T10:58:06Z | block=42613867 | kind=Triangular | hops=V3CL→V3CL→V3CL | token=WETH | idx=4485 | profit=0.001749212972680819 WETH | amount_in=3.785 | p1=0xc211…b3f3 | p2=0xb94b…b3df | p3=0xdbc6…30f1
2026-02-25T10:58:06Z | block=42613867 | kind=Triangular | hops=V3CL→V3CL→V3CL | token=WETH | idx=4673 | profit=0.000582220117370274 WETH | amount_in=1.395 | p1=0xd974…0029 | p2=0xb94b…b3df | p3=0xdbc6…30f1
2026-02-25T10:58:06Z | block=42613867 | kind=Triangular | hops=V3CL→V3CL→V3CL | token=WETH | idx=1631 | profit=0.000635313229439562 WETH | amount_in=2.342 | p1=0x70ac…bae1 | p2=0xb94b…b3df | p3=0xdbc6…30f1
2026-02-25T10:58:06Z | block=42613867 | kind=Triangular | hops=V3CL→V3CL→V3CL | token=WETH | idx=3108 | profit=0.000422044708374477 WETH | amount_in=1.583 | p1=0x7aea…abd1 | p2=0xb94b…b3df | p3=0xdbc6…30f1
2026-02-25T10:58:06Z | block=42613867 | kind=Cross-dex | hops=V3CL→V3CL | token=WETH | idx=5334 | profit=0.000321684309554279 WETH | amount_in=1.428 | p1=0xb775…4eaf | p2=0xdbc6…30f1 | p3=0xb775…4eaf
2026-02-25T10:58:06Z | block=42613867 | kind=Triangular | hops=V3CL→V3CL→V3CL | token=WETH | idx=2234 | profit=0.00028687033815632 WETH | amount_in=1.124 | p1=0x22ae…91d5 | p2=0xb94b…b3df | p3=0xdbc6…30f1
2026-02-25T10:58:06Z | block=42613867 | kind=Triangular | hops=V3CL→V3CL→V3CL | token=WETH | idx=4384 | profit=0.000330170840177124 WETH | amount_in=2.089 | p1=0xc211…b3f3 | p2=0x4e96…e778 | p3=0xdbc6…30f1
2026-02-25T10:58:06Z | block=42613867 | kind=Triangular | hops=V3CL→V3CL→V3CL | token=WETH | idx=4459 | profit=0.000271549888418642 WETH | amount_in=1.687 | p1=0xc211…b3f3 | p2=0xfbb6…43ef | p3=0xdbc6…30f1
2026-02-25T10:58:06Z | block=42613867 | kind=Cross-dex | hops=V3CL→V3CL | token=USDC | idx=10115 | profit=5.427067 USDC | amount_in=10604.256 | p1=0xdbc6…30f1 | p2=0x72ab…2d38 | p3=0xdbc6…30f1
2026-02-25T10:58:06Z | block=42613867 | kind=Cross-dex | hops=V3CL→V3CL | token=USDC | idx=10116 | profit=0.614762 USDC | amount_in=2728.668 | p1=0xdbc6…30f1 | p2=0xb775…4eaf | p3=0xdbc6…30f1
2026-02-25T10:58:06Z | block=42613867 | kind=Triangular | hops=V3CL→V3CL→V3CL | token=USDC | idx=7226 | profit=3.34448 USDC | amount_in=7279.998 | p1=0xdbc6…30f1 | p2=0xc211…b3f3 | p3=0xb94b…b3df
2026-02-25T10:58:06Z | block=42613867 | kind=Triangular | hops=V3CL→V3CL→V3CL | token=USDC | idx=7237 | profit=1.112733 USDC | amount_in=2652.456 | p1=0xdbc6…30f1 | p2=0xd974…0029 | p3=0xb94b…b3df
2026-02-25T10:58:08Z | block=42613868 | kind=Cross-dex | hops=V3CL→V3CL | token=WETH | idx=5322 | profit=0.003268428490324032 WETH | amount_in=6.086 | p1=0x72ab…2d38 | p2=0xdbc6…30f1 | p3=0x72ab…2d38
2026-02-25T10:58:08Z | block=42613868 | kind=Triangular | hops=V3CL→V3CL→V3CL | token=WETH | idx=4485 | profit=0.002042582117578193 WETH | amount_in=4.122 | p1=0xc211…b3f3 | p2=0xb94b…b3df | p3=0xdbc6…30f1
2026-02-25T10:58:08Z | block=42613868 | kind=Triangular | hops=V3CL→V3CL→V3CL | token=WETH | idx=4673 | profit=0.000690617868578357 WETH | amount_in=1.53 | p1=0xd974…0029 | p2=0xb94b…b3df | p3=0xdbc6…30f1
2026-02-25T10:58:08Z | block=42613868 | kind=Cross-dex | hops=V3CL→V3CL | token=WETH | idx=5334 | profit=0.000435528139177509 WETH | amount_in=1.65 | p1=0xb775…4eaf | p2=0xdbc6…30f1 | p3=0xb775…4eaf
2026-02-25T10:58:08Z | block=42613868 | kind=Triangular | hops=V3CL→V3CL→V3CL | token=WETH | idx=1631 | profit=0.000424451366174129 WETH | amount_in=1.919 | p1=0x70ac…bae1 | p2=0xb94b…b3df | p3=0xdbc6…30f1
2026-02-25T10:58:08Z | block=42613868 | kind=Cross-dex | hops=V3CL→V3CL | token=WETH | idx=5327 | profit=0.000480910113598042 WETH | amount_in=2.261 | p1=0x72ab…2d38 | p2=0xd0b5…f224 | p3=0x72ab…2d38
2026-02-25T10:58:08Z | block=42613868 | kind=Triangular | hops=V3CL→V3CL→V3CL | token=WETH | idx=2234 | profit=0.000303719148727171 WETH | amount_in=1.152 | p1=0x22ae…91d5 | p2=0xb94b…b3df | p3=0xdbc6…30f1
2026-02-25T10:58:08Z | block=42613868 | kind=Triangular | hops=V3CL→V3CL→V3CL | token=WETH | idx=4384 | profit=0.000467677602084412 WETH | amount_in=2.478 | p1=0xc211…b3f3 | p2=0x4e96…e778 | p3=0xdbc6…30f1
2026-02-25T10:58:08Z | block=42613868 | kind=Cross-dex | hops=V3CL→V3CL | token=WETH | idx=5321 | profit=0.000552814275913115 WETH | amount_in=2.88 | p1=0x72ab…2d38 | p2=0xb2cc…dc59 | p3=0x72ab…2d38
2026-02-25T10:58:08Z | block=42613868 | kind=Triangular | hops=V3CL→V3CL→V3CL | token=WETH | idx=4459 | profit=0.000379736816376759 WETH | amount_in=1.966 | p1=0xc211…b3f3 | p2=0xfbb6…43ef | p3=0xdbc6…30f1
2026-02-25T10:58:08Z | block=42613868 | kind=Triangular | hops=V3CL→V3CL→V3CL | token=WETH | idx=4407 | profit=0.000286816651111001 WETH | amount_in=1.49 | p1=0xc211…b3f3 | p2=0x3e66…a9fb | p3=0xdbc6…30f1
2026-02-25T10:58:08Z | block=42613868 | kind=Cross-dex | hops=V3CL→V3CL | token=USDC | idx=10115 | profit=6.249555 USDC | amount_in=11633.65 | p1=0xdbc6…30f1 | p2=0x72ab…2d38 | p3=0xdbc6…30f1
2026-02-25T10:58:08Z | block=42613868 | kind=Cross-dex | hops=V3CL→V3CL | token=USDC | idx=10163 | profit=0.623734 USDC | amount_in=1286.513 | p1=0xb4cb…00e5 | p2=0x72ab…2d38 | p3=0xb4cb…00e5
2026-02-25T10:58:08Z | block=42613868 | kind=Cross-dex | hops=V3CL→V3CL | token=USDC | idx=10116 | profit=0.832317 USDC | amount_in=3150.703 | p1=0xdbc6…30f1 | p2=0xb775…4eaf | p3=0xdbc6…30f1
2026-02-25T10:58:09Z | block=42613868 | kind=Cross-dex | hops=V3CL→V3CL | token=USDC | idx=10175 | profit=0.919779 USDC | amount_in=4324.88 | p1=0xd0b5…f224 | p2=0x72ab…2d38 | p3=0xd0b5…f224
2026-02-25T10:58:09Z | block=42613868 | kind=Cross-dex | hops=V3CL→V3CL | token=USDC | idx=10103 | profit=1.057239 USDC | amount_in=5507.235 | p1=0xb2cc…dc59 | p2=0x72ab…2d38 | p3=0xb2cc…dc59
2026-02-25T10:58:09Z | block=42613868 | kind=Triangular | hops=V3CL→V3CL→V3CL | token=USDC | idx=7237 | profit=1.320293 USDC | amount_in=2915.061 | p1=0xdbc6…30f1 | p2=0xd974…0029 | p3=0xb94b…b3df
2026-02-25T10:58:09Z | block=42613868 | kind=Triangular | hops=V3CL→V3CL→V3CL | token=USDC | idx=7226 | profit=3.904976 USDC | amount_in=7873.113 | p1=0xdbc6…30f1 | p2=0xc211…b3f3 | p3=0xb94b…b3df
2026-02-25T10:58:09Z | block=42613869 | kind=Cross-dex | hops=V3CL→V3CL | token=WETH | idx=5322 | profit=0.002728850796742298 WETH | amount_in=5.401 | p1=0x72ab…2d38 | p2=0xdbc6…30f1 | p3=0x72ab…2d38
2026-02-25T10:58:09Z | block=42613869 | kind=Triangular | hops=V3CL→V3CL→V3CL | token=WETH | idx=4485 | profit=0.001674121919949576 WETH | amount_in=3.743 | p1=0xc211…b3f3 | p2=0xb94b…b3df | p3=0xdbc6…30f1
2026-02-25T10:58:09Z | block=42613869 | kind=Triangular | hops=V3CL→V3CL→V3CL | token=WETH | idx=4673 | profit=0.000554748080629648 WETH | amount_in=1.378 | p1=0xd974…0029 | p2=0xb94b…b3df | p3=0xdbc6…30f1
2026-02-25T10:58:09Z | block=42613869 | kind=Cross-dex | hops=V3CL→V3CL | token=WETH | idx=5334 | profit=0.000293890816905865 WETH | amount_in=1.368 | p1=0xb775…4eaf | p2=0xdbc6…30f1 | p3=0xb775…4eaf
2026-02-25T10:58:09Z | block=42613869 | kind=Triangular | hops=V3CL→V3CL→V3CL | token=WETH | idx=1631 | profit=0.000261520686347595 WETH | amount_in=1.515 | p1=0x70ac…bae1 | p2=0xb94b…b3df | p3=0xdbc6…30f1
2026-02-25T10:58:10Z | block=42613869 | kind=Cross-dex | hops=V3CL→V3CL | token=USDC | idx=10115 | profit=5.217959 USDC | amount_in=10329.094 | p1=0xdbc6…30f1 | p2=0x72ab…2d38 | p3=0xdbc6…30f1
2026-02-25T10:58:10Z | block=42613869 | kind=Cross-dex | hops=V3CL→V3CL | token=USDC | idx=10116 | profit=0.561647 USDC | amount_in=2613.466 | p1=0xdbc6…30f1 | p2=0xb775…4eaf | p3=0xdbc6…30f1
2026-02-25T10:58:10Z | block=42613869 | kind=Triangular | hops=V3CL→V3CL→V3CL | token=USDC | idx=7226 | profit=3.200702 USDC | amount_in=7097.829 | p1=0xdbc6…30f1 | p2=0xc211…b3f3 | p3=0xb94b…b3df
2026-02-25T10:58:10Z | block=42613869 | kind=Triangular | hops=V3CL→V3CL→V3CL | token=USDC | idx=7237 | profit=1.060084 USDC | amount_in=2652.84 | p1=0xdbc6…30f1 | p2=0xd974…0029 | p3=0xb94b…b3df
2026-02-25T10:58:11Z | block=42613870 | kind=Cross-dex | hops=V3CL→V3CL | token=WETH | idx=5321 | profit=0.00070197673966266 WETH | amount_in=3.586 | p1=0x72ab…2d38 | p2=0xb2cc…dc59 | p3=0x72ab…2d38
2026-02-25T10:58:11Z | block=42613870 | kind=Cross-dex | hops=V3CL→V3CL | token=USDC | idx=10103 | profit=1.342424 USDC | amount_in=6853.688 | p1=0xb2cc…dc59 | p2=0x72ab…2d38 | p3=0xb2cc…dc59
2026-02-25T10:58:13Z | block=42613871 | kind=Cross-dex | hops=V3CL→V3CL | token=WETH | idx=5322 | profit=0.002246938981339105 WETH | amount_in=4.721 | p1=0x72ab…2d38 | p2=0xdbc6…30f1 | p3=0x72ab…2d38
2026-02-25T10:58:13Z | block=42613871 | kind=Triangular | hops=V3CL→V3CL→V3CL | token=WETH | idx=4485 | profit=0.001337207212904158 WETH | amount_in=3.32 | p1=0xc211…b3f3 | p2=0xb94b…b3df | p3=0xdbc6…30f1
2026-02-25T10:58:13Z | block=42613871 | kind=Triangular | hops=V3CL→V3CL→V3CL | token=WETH | idx=4673 | profit=0.000431211736191452 WETH | amount_in=1.227 | p1=0xd974…0029 | p2=0xb94b…b3df | p3=0xdbc6…30f1
2026-02-25T10:58:13Z | block=42613871 | kind=Cross-dex | hops=V3CL→V3CL | token=USDC | idx=10163 | profit=0.561463 USDC | amount_in=1225.388 | p1=0xb4cb…00e5 | p2=0x72ab…2d38 | p3=0xb4cb…00e5
2026-02-25T10:58:13Z | block=42613871 | kind=Cross-dex | hops=V3CL→V3CL | token=USDC | idx=10115 | profit=4.296583 USDC | amount_in=9024.946 | p1=0xdbc6…30f1 | p2=0x72ab…2d38 | p3=0xdbc6…30f1
2026-02-25T10:58:14Z | block=42613871 | kind=Triangular | hops=V3CL→V3CL→V3CL | token=USDC | idx=7237 | profit=0.82417 USDC | amount_in=2287.904 | p1=0xdbc6…30f1 | p2=0xd974…0029 | p3=0xb94b…b3df
2026-02-25T10:58:14Z | block=42613871 | kind=Triangular | hops=V3CL→V3CL→V3CL | token=USDC | idx=7226 | profit=2.556512 USDC | amount_in=6364.571 | p1=0xdbc6…30f1 | p2=0xc211…b3f3 | p3=0xb94b…b3df
2026-02-25T10:58:15Z | block=42613872 | kind=Cross-dex | hops=V3CL→V3CL | token=WETH | idx=5322 | profit=0.002411333005473471 WETH | amount_in=4.958 | p1=0x72ab…2d38 | p2=0xdbc6…30f1 | p3=0x72ab…2d38
2026-02-25T10:58:15Z | block=42613872 | kind=Triangular | hops=V3CL→V3CL→V3CL | token=WETH | idx=4485 | profit=0.001452924481603763 WETH | amount_in=3.51 | p1=0xc211…b3f3 | p2=0xb94b…b3df | p3=0xdbc6…30f1
2026-02-25T10:58:15Z | block=42613872 | kind=Triangular | hops=V3CL→V3CL→V3CL | token=WETH | idx=4673 | profit=0.000473435238181409 WETH | amount_in=1.255 | p1=0xd974…0029 | p2=0xb94b…b3df | p3=0xdbc6…30f1
2026-02-25T10:58:15Z | block=42613872 | kind=Cross-dex | hops=V3CL→V3CL | token=USDC | idx=10115 | profit=4.610891 USDC | amount_in=9478.307 | p1=0xdbc6…30f1 | p2=0x72ab…2d38 | p3=0xdbc6…30f1
2026-02-25T10:58:16Z | block=42613872 | kind=Triangular | hops=V3CL→V3CL→V3CL | token=USDC | idx=7226 | profit=2.778194 USDC | amount_in=6659.299 | p1=0xdbc6…30f1 | p2=0xc211…b3f3 | p3=0xb94b…b3df
2026-02-25T10:58:16Z | block=42613872 | kind=Triangular | hops=V3CL→V3CL→V3CL | token=USDC | idx=7237 | profit=0.905192 USDC | amount_in=2437.088 | p1=0xdbc6…30f1 | p2=0xd974…0029 | p3=0xb94b…b3df
2026-02-25T10:58:17Z | block=42613873 | kind=Cross-dex | hops=V3CL→V3CL | token=WETH | idx=5322 | profit=0.002374350418063945 WETH | amount_in=4.902 | p1=0x72ab…2d38 | p2=0xdbc6…30f1 | p3=0x72ab…2d38
2026-02-25T10:58:17Z | block=42613873 | kind=Triangular | hops=V3CL→V3CL→V3CL | token=WETH | idx=4485 | profit=0.001427011817572383 WETH | amount_in=3.438 | p1=0xc211…b3f3 | p2=0xb94b…b3df | p3=0xdbc6…30f1
2026-02-25T10:58:18Z | block=42613873 | kind=Triangular | hops=V3CL→V3CL→V3CL | token=WETH | idx=4673 | profit=0.000463950525035457 WETH | amount_in=1.255 | p1=0xd974…0029 | p2=0xb94b…b3df | p3=0xdbc6…30f1
2026-02-25T10:58:18Z | block=42613873 | kind=Cross-dex | hops=V3CL→V3CL | token=USDC | idx=10163 | profit=0.553796 USDC | amount_in=1217.586 | p1=0xb4cb…00e5 | p2=0x72ab…2d38 | p3=0xb4cb…00e5
2026-02-25T10:58:18Z | block=42613873 | kind=Cross-dex | hops=V3CL→V3CL | token=USDC | idx=10115 | profit=4.540182 USDC | amount_in=9369.91 | p1=0xdbc6…30f1 | p2=0x72ab…2d38 | p3=0xdbc6…30f1
2026-02-25T10:58:18Z | block=42613873 | kind=Triangular | hops=V3CL→V3CL→V3CL | token=USDC | idx=7226 | profit=2.7282 USDC | amount_in=6659.318 | p1=0xdbc6…30f1 | p2=0xc211…b3f3 | p3=0xb94b…b3df
2026-02-25T10:58:18Z | block=42613873 | kind=Triangular | hops=V3CL→V3CL→V3CL | token=USDC | idx=7237 | profit=0.88676 USDC | amount_in=2379.278 | p1=0xdbc6…30f1 | p2=0xd974…0029 | p3=0xb94b…b3df
2026-02-25T10:58:19Z | block=42613874 | kind=Cross-dex | hops=V3CL→V3CL | token=WETH | idx=5327 | profit=0.000480913213465183 WETH | amount_in=2.261 | p1=0x72ab…2d38 | p2=0xd0b5…f224 | p3=0x72ab…2d38
2026-02-25T10:58:19Z | block=42613874 | kind=Cross-dex | hops=V3CL→V3CL | token=WETH | idx=5321 | profit=0.000700030423847369 WETH | amount_in=3.578 | p1=0x72ab…2d38 | p2=0xb2cc…dc59 | p3=0x72ab…2d38
2026-02-25T10:58:19Z | block=42613874 | kind=Cross-dex | hops=V3CL→V3CL | token=USDC | idx=10163 | profit=0.542626 USDC | amount_in=1205.294 | p1=0xb4cb…00e5 | p2=0x72ab…2d38 | p3=0xb4cb…00e5
2026-02-25T10:58:19Z | block=42613874 | kind=Cross-dex | hops=V3CL→V3CL | token=USDC | idx=10175 | profit=0.919785 USDC | amount_in=4323.032 | p1=0xd0b5…f224 | p2=0x72ab…2d38 | p3=0xd0b5…f224
2026-02-25T10:58:19Z | block=42613874 | kind=Cross-dex | hops=V3CL→V3CL | token=USDC | idx=10103 | profit=1.338704 USDC | amount_in=6838.908 | p1=0xb2cc…dc59 | p2=0x72ab…2d38 | p3=0xb2cc…dc59
2026-02-25T10:58:21Z | block=42613875 | kind=Cross-dex | hops=V3CL→V3CL | token=WETH | idx=5322 | profit=0.003432702411367953 WETH | amount_in=6.278 | p1=0x72ab…2d38 | p2=0xdbc6…30f1 | p3=0x72ab…2d38
2026-02-25T10:58:21Z | block=42613875 | kind=Triangular | hops=V3CL→V3CL→V3CL | token=WETH | idx=4485 | profit=0.002153420175608974 WETH | amount_in=4.214 | p1=0xc211…b3f3 | p2=0xb94b…b3df | p3=0xdbc6…30f1
2026-02-25T10:58:21Z | block=42613875 | kind=Triangular | hops=V3CL→V3CL→V3CL | token=WETH | idx=4673 | profit=0.000731826120263005 WETH | amount_in=1.572 | p1=0xd974…0029 | p2=0xb94b…b3df | p3=0xdbc6…30f1
2026-02-25T10:58:21Z | block=42613875 | kind=Cross-dex | hops=V3CL→V3CL | token=WETH | idx=5334 | profit=0.000480459048878772 WETH | amount_in=1.73 | p1=0xb775…4eaf | p2=0xdbc6…30f1 | p3=0xb775…4eaf
2026-02-25T10:58:21Z | block=42613875 | kind=Triangular | hops=V3CL→V3CL→V3CL | token=WETH | idx=1631 | profit=0.000434564045661713 WETH | amount_in=1.97 | p1=0x70ac…bae1 | p2=0xb94b…b3df | p3=0xdbc6…30f1
2026-02-25T10:58:21Z | block=42613875 | kind=Cross-dex | hops=V3CL→V3CL | token=WETH | idx=5327 | profit=0.000482380858992781 WETH | amount_in=2.266 | p1=0x72ab…2d38 | p2=0xd0b5…f224 | p3=0x72ab…2d38
2026-02-25T10:58:22Z | block=42613875 | kind=Triangular | hops=V3CL→V3CL→V3CL | token=WETH | idx=4384 | profit=0.000594992777682042 WETH | amount_in=3.123 | p1=0xc211…b3f3 | p2=0x4e96…e778 | p3=0xdbc6…30f1
2026-02-25T10:58:22Z | block=42613875 | kind=Triangular | hops=V3CL→V3CL→V3CL | token=WETH | idx=4459 | profit=0.000374985206382665 WETH | amount_in=1.966 | p1=0xc211…b3f3 | p2=0xfbb6…43ef | p3=0xdbc6…30f1
2026-02-25T10:58:22Z | block=42613875 | kind=Triangular | hops=V3CL→V3CL→V3CL | token=WETH | idx=4407 | profit=0.000262267474969142 WETH | amount_in=1.445 | p1=0xc211…b3f3 | p2=0x3e66…a9fb | p3=0xdbc6…30f1
2026-02-25T10:58:22Z | block=42613875 | kind=Cross-dex | hops=V3CL→V3CL | token=USDC | idx=10115 | profit=6.563615 USDC | amount_in=12001.872 | p1=0xdbc6…30f1 | p2=0x72ab…2d38 | p3=0xdbc6…30f1
2026-02-25T10:58:22Z | block=42613875 | kind=Cross-dex | hops=V3CL→V3CL | token=USDC | idx=10116 | profit=0.918177 USDC | amount_in=3304.394 | p1=0xdbc6…30f1 | p2=0xb775…4eaf | p3=0xdbc6…30f1
2026-02-25T10:58:22Z | block=42613875 | kind=Cross-dex | hops=V3CL→V3CL | token=USDC | idx=10175 | profit=0.922591 USDC | amount_in=4331.654 | p1=0xd0b5…f224 | p2=0x72ab…2d38 | p3=0xd0b5…f224
2026-02-25T10:58:22Z | block=42613875 | kind=Triangular | hops=V3CL→V3CL→V3CL | token=USDC | idx=7226 | profit=4.11694 USDC | amount_in=8044.753 | p1=0xdbc6…30f1 | p2=0xc211…b3f3 | p3=0xb94b…b3df
2026-02-25T10:58:22Z | block=42613875 | kind=Triangular | hops=V3CL→V3CL→V3CL | token=USDC | idx=7237 | profit=1.398834 USDC | amount_in=2987.013 | p1=0xdbc6…30f1 | p2=0xd974…0029 | p3=0xb94b…b3df
2026-02-25T10:58:24Z | block=42613876 | kind=Triangular | hops=V3CL→V3CL→V3CL | token=WETH | idx=1775 | profit=0.001321519299819849 WETH | amount_in=0.731 | p1=0x3f02…014a | p2=0x7cb7…9830 | p3=0xdbc6…30f1
2026-02-25T10:58:24Z | block=42613876 | kind=Cross-dex | hops=V3CL→V3CL | token=WETH | idx=5322 | profit=0.003417112017026676 WETH | amount_in=6.261 | p1=0x72ab…2d38 | p2=0xdbc6…30f1 | p3=0x72ab…2d38
2026-02-25T10:58:24Z | block=42613876 | kind=Triangular | hops=V3CL→V3CL→V3CL | token=WETH | idx=4485 | profit=0.002142945061512825 WETH | amount_in=4.214 | p1=0xc211…b3f3 | p2=0xb94b…b3df | p3=0xdbc6…30f1
2026-02-25T10:58:24Z | block=42613876 | kind=Triangular | hops=V3CL→V3CL→V3CL | token=WETH | idx=4673 | profit=0.000727916623904785 WETH | amount_in=1.572 | p1=0xd974…0029 | p2=0xb94b…b3df | p3=0xdbc6…30f1
2026-02-25T10:58:24Z | block=42613876 | kind=Triangular | hops=V3CL→V3CL→V3CL | token=WETH | idx=1780 | profit=0.000849170624342572 WETH | amount_in=0.588 | p1=0x3f02…014a | p2=0x7cb7…9830 | p3=0xd0b5…f224
2026-02-25T10:58:24Z | block=42613876 | kind=Triangular | hops=V3CL→V3CL→V3CL | token=WETH | idx=1774 | profit=0.000834250023794789 WETH | amount_in=0.589 | p1=0x3f02…014a | p2=0x7cb7…9830 | p3=0xb2cc…dc59
2026-02-25T10:58:24Z | block=42613876 | kind=Triangular | hops=V3CL→V3CL→V3CL | token=WETH | idx=3283 | profit=0.000968051450338474 WETH | amount_in=0.572 | p1=0x9c08…b903 | p2=0x7cb7…9830 | p3=0xdbc6…30f1
2026-02-25T10:58:24Z | block=42613876 | kind=Cross-dex | hops=V3CL→V3CL | token=WETH | idx=5334 | profit=0.000476170924143135 WETH | amount_in=1.722 | p1=0xb775…4eaf | p2=0xdbc6…30f1 | p3=0xb775…4eaf
2026-02-25T10:58:24Z | block=42613876 | kind=Triangular | hops=V3CL→V3CL→V3CL | token=WETH | idx=1631 | profit=0.000429706021741311 WETH | amount_in=1.946 | p1=0x70ac…bae1 | p2=0xb94b…b3df | p3=0xdbc6…30f1
2026-02-25T10:58:24Z | block=42613876 | kind=Cross-dex | hops=V3CL→V3CL | token=WETH | idx=5327 | profit=0.000482573897138948 WETH | amount_in=2.266 | p1=0x72ab…2d38 | p2=0xd0b5…f224 | p3=0x72ab…2d38
2026-02-25T10:58:24Z | block=42613876 | kind=Triangular | hops=V3CL→V3CL→V3CL | token=WETH | idx=4384 | profit=0.000587232977219285 WETH | amount_in=3.123 | p1=0xc211…b3f3 | p2=0x4e96…e778 | p3=0xdbc6…30f1
2026-02-25T10:58:24Z | block=42613876 | kind=Triangular | hops=V3CL→V3CL→V3CL | token=WETH | idx=4459 | profit=0.000370149699918005 WETH | amount_in=1.953 | p1=0xc211…b3f3 | p2=0xfbb6…43ef | p3=0xdbc6…30f1
2026-02-25T10:58:24Z | block=42613876 | kind=Triangular | hops=V3CL→V3CL→V3CL | token=USDC | idx=7144 | profit=2.525389 USDC | amount_in=1395.261 | p1=0xdbc6…30f1 | p2=0x3f02…014a | p3=0x7cb7…9830
2026-02-25T10:58:24Z | block=42613876 | kind=Triangular | hops=V3CL→V3CL→V3CL | token=USDC | idx=8314 | profit=1.798939 USDC | amount_in=1048.204 | p1=0xb4cb…00e5 | p2=0x3f02…014a | p3=0x7cb7…9830
2026-02-25T10:58:25Z | block=42613876 | kind=Triangular | hops=V3CL→V3CL→V3CL | token=USDC | idx=7194 | profit=1.849853 USDC | amount_in=1092.984 | p1=0xdbc6…30f1 | p2=0x9c08…b903 | p3=0x7cb7…9830
2026-02-25T10:58:25Z | block=42613876 | kind=Triangular | hops=V3CL→V3CL→V3CL | token=USDC | idx=7142 | profit=1.29819 USDC | amount_in=778.11 | p1=0xdbc6…30f1 | p2=0xc200…3065 | p3=0x7cb7…9830
2026-02-25T10:58:25Z | block=42613876 | kind=Triangular | hops=V3CL→V3CL→V3CL | token=USDC | idx=8364 | profit=1.356238 USDC | amount_in=850.717 | p1=0xb4cb…00e5 | p2=0x9c08…b903 | p3=0x7cb7…9830
2026-02-25T10:58:25Z | block=42613876 | kind=Triangular | hops=V3CL→V3CL→V3CL | token=USDC | idx=8312 | profit=1.003565 USDC | amount_in=637.924 | p1=0xb4cb…00e5 | p2=0xc200…3065 | p3=0x7cb7…9830
2026-02-25T10:58:25Z | block=42613876 | kind=Triangular | hops=V3CL→V3CL→V3CL | token=USDC | idx=8479 | profit=1.623863 USDC | amount_in=1124.8 | p1=0xd0b5…f224 | p2=0x3f02…014a | p3=0x7cb7…9830
2026-02-25T10:58:25Z | block=42613876 | kind=Triangular | hops=V3CL→V3CL→V3CL | token=USDC | idx=6337 | profit=1.595325 USDC | amount_in=1125.172 | p1=0xb2cc…dc59 | p2=0x3f02…014a | p3=0x7cb7…9830
2026-02-25T10:58:25Z | block=42613876 | kind=Triangular | hops=V3CL→V3CL→V3CL | token=USDC | idx=8529 | profit=1.148211 USDC | amount_in=869.642 | p1=0xd0b5…f224 | p2=0x9c08…b903 | p3=0x7cb7…9830
2026-02-25T10:58:25Z | block=42613876 | kind=Triangular | hops=V3CL→V3CL→V3CL | token=USDC | idx=8477 | profit=0.799481 USDC | amount_in=617.066 | p1=0xd0b5…f224 | p2=0xc200…3065 | p3=0x7cb7…9830
2026-02-25T10:58:25Z | block=42613876 | kind=Triangular | hops=V3CL→V3CL→V3CL | token=USDC | idx=6387 | profit=1.12087 USDC | amount_in=866.034 | p1=0xb2cc…dc59 | p2=0x9c08…b903 | p3=0x7cb7…9830
2026-02-25T10:58:25Z | block=42613876 | kind=Triangular | hops=V3CL→V3CL→V3CL | token=USDC | idx=6335 | profit=0.776404 USDC | amount_in=611.571 | p1=0xb2cc…dc59 | p2=0xc200…3065 | p3=0x7cb7…9830
2026-02-25T10:58:25Z | block=42613876 | kind=Triangular | hops=V3CL→V3CL→V3CL | token=USDC | idx=7400 | profit=0.869589 USDC | amount_in=750.099 | p1=0xc758…54e0 | p2=0x3f02…014a | p3=0x7cb7…9830
2026-02-25T10:58:25Z | block=42613876 | kind=Triangular | hops=V3CL→V3CL→V3CL | token=USDC | idx=9380 | profit=1.021517 USDC | amount_in=904.044 | p1=0x72ab…2d38 | p2=0x3f02…014a | p3=0x7cb7…9830
2026-02-25T10:58:25Z | block=42613876 | kind=Triangular | hops=V3CL→V3CL→V3CL | token=USDC | idx=7450 | profit=0.60666 USDC | amount_in=587.479 | p1=0xc758…54e0 | p2=0x9c08…b903 | p3=0x7cb7…9830
2026-02-25T10:58:25Z | block=42613876 | kind=Triangular | hops=V3CL→V3CL→V3CL | token=USDC | idx=9430 | profit=0.684781 USDC | amount_in=682.955 | p1=0x72ab…2d38 | p2=0x9c08…b903 | p3=0x7cb7…9830
2026-02-25T10:58:26Z | block=42613876 | kind=Triangular | hops=V3CL→V3CL→V3CL | token=USDC | idx=9644 | profit=0.773751 USDC | amount_in=778.556 | p1=0xb775…4eaf | p2=0x3f02…014a | p3=0x7cb7…9830
2026-02-25T10:58:26Z | block=42613876 | kind=Triangular | hops=V3CL→V3CL→V3CL | token=USDC | idx=9694 | profit=0.504655 USDC | amount_in=583.996 | p1=0xb775…4eaf | p2=0x9c08…b903 | p3=0x7cb7…9830
2026-02-25T10:58:26Z | block=42613876 | kind=Cross-dex | hops=V3CL→V3CL | token=USDC | idx=10115 | profit=6.533809 USDC | amount_in=11968.52 | p1=0xdbc6…30f1 | p2=0x72ab…2d38 | p3=0xdbc6…30f1
2026-02-25T10:58:26Z | block=42613876 | kind=Cross-dex | hops=V3CL→V3CL | token=USDC | idx=10116 | profit=0.909981 USDC | amount_in=3288.839 | p1=0xdbc6…30f1 | p2=0xb775…4eaf | p3=0xdbc6…30f1
2026-02-25T10:58:26Z | block=42613876 | kind=Cross-dex | hops=V3CL→V3CL | token=USDC | idx=10175 | profit=0.92296 USDC | amount_in=4331.462 | p1=0xd0b5…f224 | p2=0x72ab…2d38 | p3=0xd0b5…f224
2026-02-25T10:58:26Z | block=42613876 | kind=Triangular | hops=V3CL→V3CL→V3CL | token=USDC | idx=7237 | profit=1.391383 USDC | amount_in=2986.974 | p1=0xdbc6…30f1 | p2=0xd974…0029 | p3=0xb94b…b3df
2026-02-25T10:58:26Z | block=42613876 | kind=Triangular | hops=V3CL→V3CL→V3CL | token=USDC | idx=7226 | profit=4.096884 USDC | amount_in=8031.212 | p1=0xdbc6…30f1 | p2=0xc211…b3f3 | p3=0xb94b…b3df
2026-02-25T10:58:26Z | block=42613877 | kind=Triangular | hops=V3CL→V3CL→V3CL | token=WETH | idx=1775 | profit=0.001558515138272098 WETH | amount_in=0.794 | p1=0x3f02…014a | p2=0x7cb7…9830 | p3=0xdbc6…30f1
2026-02-25T10:58:26Z | block=42613877 | kind=Cross-dex | hops=V3CL→V3CL | token=WETH | idx=5322 | profit=0.003425629449509668 WETH | amount_in=6.27 | p1=0x72ab…2d38 | p2=0xdbc6…30f1 | p3=0x72ab…2d38
2026-02-25T10:58:26Z | block=42613877 | kind=Triangular | hops=V3CL→V3CL→V3CL | token=WETH | idx=4485 | profit=0.002148601335264784 WETH | amount_in=4.214 | p1=0xc211…b3f3 | p2=0xb94b…b3df | p3=0xdbc6…30f1
2026-02-25T10:58:27Z | block=42613877 | kind=Triangular | hops=V3CL→V3CL→V3CL | token=WETH | idx=3283 | profit=0.001221398688177359 WETH | amount_in=0.642 | p1=0x9c08…b903 | p2=0x7cb7…9830 | p3=0xdbc6…30f1
2026-02-25T10:58:27Z | block=42613877 | kind=Triangular | hops=V3CL→V3CL→V3CL | token=WETH | idx=1780 | profit=0.001040143933129192 WETH | amount_in=0.651 | p1=0x3f02…014a | p2=0x7cb7…9830 | p3=0xd0b5…f224
2026-02-25T10:58:27Z | block=42613877 | kind=Triangular | hops=V3CL→V3CL→V3CL | token=WETH | idx=1774 | profit=0.001025505691713502 WETH | amount_in=0.653 | p1=0x3f02…014a | p2=0x7cb7…9830 | p3=0xb2cc…dc59
2026-02-25T10:58:27Z | block=42613877 | kind=Triangular | hops=V3CL→V3CL→V3CL | token=WETH | idx=4673 | profit=0.000730031696421997 WETH | amount_in=1.572 | p1=0xd974…0029 | p2=0xb94b…b3df | p3=0xdbc6…30f1
2026-02-25T10:58:27Z | block=42613877 | kind=Cross-dex | hops=V3CL→V3CL | token=WETH | idx=5334 | profit=0.000478459816531385 WETH | amount_in=1.726 | p1=0xb775…4eaf | p2=0xdbc6…30f1 | p3=0xb775…4eaf
2026-02-25T10:58:27Z | block=42613877 | kind=Triangular | hops=V3CL→V3CL→V3CL | token=WETH | idx=1631 | profit=0.00043230284099975 WETH | amount_in=1.97 | p1=0x70ac…bae1 | p2=0xb94b…b3df | p3=0xdbc6…30f1
2026-02-25T10:58:27Z | block=42613877 | kind=Triangular | hops=V3CL→V3CL→V3CL | token=WETH | idx=4384 | profit=0.000591401859715955 WETH | amount_in=3.123 | p1=0xc211…b3f3 | p2=0x4e96…e778 | p3=0xdbc6…30f1
2026-02-25T10:58:27Z | block=42613877 | kind=Triangular | hops=V3CL→V3CL→V3CL | token=WETH | idx=4459 | profit=0.000372728745467399 WETH | amount_in=1.966 | p1=0xc211…b3f3 | p2=0xfbb6…43ef | p3=0xdbc6…30f1
2026-02-25T10:58:27Z | block=42613877 | kind=Triangular | hops=V3CL→V3CL→V3CL | token=WETH | idx=1781 | profit=0.000688382745471006 WETH | amount_in=0.536 | p1=0x3f02…014a | p2=0x7cb7…9830 | p3=0x72ab…2d38
2026-02-25T10:58:27Z | block=42613877 | kind=Triangular | hops=V3CL→V3CL→V3CL | token=WETH | idx=3288 | profit=0.000803141482845999 WETH | amount_in=0.523 | p1=0x9c08…b903 | p2=0x7cb7…9830 | p3=0xd0b5…f224
2026-02-25T10:58:27Z | block=42613877 | kind=Triangular | hops=V3CL→V3CL→V3CL | token=WETH | idx=3282 | profit=0.000788313630649849 WETH | amount_in=0.523 | p1=0x9c08…b903 | p2=0x7cb7…9830 | p3=0xb2cc…dc59
2026-02-25T10:58:27Z | block=42613877 | kind=Triangular | hops=V3CL→V3CL→V3CL | token=USDC | idx=7144 | profit=2.978324 USDC | amount_in=1515.524 | p1=0xdbc6…30f1 | p2=0x3f02…014a | p3=0x7cb7…9830
2026-02-25T10:58:27Z | block=42613877 | kind=Triangular | hops=V3CL→V3CL→V3CL | token=USDC | idx=7194 | profit=2.334027 USDC | amount_in=1226.981 | p1=0xdbc6…30f1 | p2=0x9c08…b903 | p3=0x7cb7…9830
2026-02-25T10:58:27Z | block=42613877 | kind=Triangular | hops=V3CL→V3CL→V3CL | token=USDC | idx=8314 | profit=2.135191 USDC | amount_in=1142.493 | p1=0xb4cb…00e5 | p2=0x3f02…014a | p3=0x7cb7…9830
2026-02-25T10:58:27Z | block=42613877 | kind=Triangular | hops=V3CL→V3CL→V3CL | token=USDC | idx=7142 | profit=1.524279 USDC | amount_in=840.97 | p1=0xdbc6…30f1 | p2=0xc200…3065 | p3=0x7cb7…9830
2026-02-25T10:58:28Z | block=42613877 | kind=Triangular | hops=V3CL→V3CL→V3CL | token=USDC | idx=8364 | profit=1.730341 USDC | amount_in=957.323 | p1=0xb4cb…00e5 | p2=0x9c08…b903 | p3=0x7cb7…9830
2026-02-25T10:58:28Z | block=42613877 | kind=Triangular | hops=V3CL→V3CL→V3CL | token=USDC | idx=8312 | profit=1.187665 USDC | amount_in=691.715 | p1=0xb4cb…00e5 | p2=0xc200…3065 | p3=0x7cb7…9830
2026-02-25T10:58:28Z | block=42613877 | kind=Triangular | hops=V3CL→V3CL→V3CL | token=USDC | idx=8479 | profit=1.989097 USDC | amount_in=1244.416 | p1=0xd0b5…f224 | p2=0x3f02…014a | p3=0x7cb7…9830
2026-02-25T10:58:28Z | block=42613877 | kind=Triangular | hops=V3CL→V3CL→V3CL | token=USDC | idx=6337 | profit=1.961089 USDC | amount_in=1247.657 | p1=0xb2cc…dc59 | p2=0x3f02…014a | p3=0x7cb7…9830
2026-02-25T10:58:28Z | block=42613877 | kind=Triangular | hops=V3CL→V3CL→V3CL | token=USDC | idx=8529 | profit=1.535826 USDC | amount_in=1000.538 | p1=0xd0b5…f224 | p2=0x9c08…b903 | p3=0x7cb7…9830
2026-02-25T10:58:28Z | block=42613877 | kind=Triangular | hops=V3CL→V3CL→V3CL | token=USDC | idx=6387 | profit=1.507476 USDC | amount_in=999.126 | p1=0xb2cc…dc59 | p2=0x9c08…b903 | p3=0x7cb7…9830
2026-02-25T10:58:28Z | block=42613877 | kind=Triangular | hops=V3CL→V3CL→V3CL | token=USDC | idx=8477 | profit=0.979449 USDC | amount_in=679.962 | p1=0xd0b5…f224 | p2=0xc200…3065 | p3=0x7cb7…9830
2026-02-25T10:58:28Z | block=42613877 | kind=Triangular | hops=V3CL→V3CL→V3CL | token=USDC | idx=6335 | profit=0.95502 USDC | amount_in=675.521 | p1=0xb2cc…dc59 | p2=0xc200…3065 | p3=0x7cb7…9830
2026-02-25T10:58:28Z | block=42613877 | kind=Triangular | hops=V3CL→V3CL→V3CL | token=USDC | idx=7400 | profit=1.11258 USDC | amount_in=847.522 | p1=0xc758…54e0 | p2=0x3f02…014a | p3=0x7cb7…9830
2026-02-25T10:58:28Z | block=42613877 | kind=Triangular | hops=V3CL→V3CL→V3CL | token=USDC | idx=9380 | profit=1.317149 USDC | amount_in=1025.694 | p1=0x72ab…2d38 | p2=0x3f02…014a | p3=0x7cb7…9830
2026-02-25T10:58:28Z | block=42613877 | kind=Triangular | hops=V3CL→V3CL→V3CL | token=USDC | idx=7450 | profit=0.873123 USDC | amount_in=697.532 | p1=0xc758…54e0 | p2=0x9c08…b903 | p3=0x7cb7…9830
2026-02-25T10:58:28Z | block=42613877 | kind=Triangular | hops=V3CL→V3CL→V3CL | token=USDC | idx=9430 | profit=0.995435 USDC | amount_in=815.793 | p1=0x72ab…2d38 | p2=0x9c08…b903 | p3=0x7cb7…9830
2026-02-25T10:58:28Z | block=42613877 | kind=Triangular | hops=V3CL→V3CL→V3CL | token=USDC | idx=7398 | profit=0.567111 USDC | amount_in=493.092 | p1=0xc758…54e0 | p2=0xc200…3065 | p3=0x7cb7…9830
2026-02-25T10:58:29Z | block=42613877 | kind=Triangular | hops=V3CL→V3CL→V3CL | token=USDC | idx=9644 | profit=1.028711 USDC | amount_in=894.796 | p1=0xb775…4eaf | p2=0x3f02…014a | p3=0x7cb7…9830
2026-02-25T10:58:29Z | block=42613877 | kind=Triangular | hops=V3CL→V3CL→V3CL | token=USDC | idx=9378 | profit=0.611965 USDC | amount_in=546.999 | p1=0x72ab…2d38 | p2=0xc200…3065 | p3=0x7cb7…9830
2026-02-25T10:58:29Z | block=42613877 | kind=Triangular | hops=V3CL→V3CL→V3CL | token=USDC | idx=9694 | profit=0.77333 USDC | amount_in=712.436 | p1=0xb775…4eaf | p2=0x9c08…b903 | p3=0x7cb7…9830
2026-02-25T10:58:29Z | block=42613877 | kind=Cross-dex | hops=V3CL→V3CL | token=USDC | idx=10115 | profit=6.550093 USDC | amount_in=11988.43 | p1=0xdbc6…30f1 | p2=0x72ab…2d38 | p3=0xdbc6…30f1
2026-02-25T10:58:29Z | block=42613877 | kind=Cross-dex | hops=V3CL→V3CL | token=USDC | idx=10163 | profit=0.541624 USDC | amount_in=1203.854 | p1=0xb4cb…00e5 | p2=0x72ab…2d38 | p3=0xb4cb…00e5
2026-02-25T10:58:29Z | block=42613877 | kind=Cross-dex | hops=V3CL→V3CL | token=USDC | idx=10116 | profit=0.914356 USDC | amount_in=3296.65 | p1=0xdbc6…30f1 | p2=0xb775…4eaf | p3=0xdbc6…30f1
2026-02-25T10:58:29Z | block=42613877 | kind=Triangular | hops=V3CL→V3CL→V3CL | token=USDC | idx=7226 | profit=4.10778 USDC | amount_in=8044.999 | p1=0xdbc6…30f1 | p2=0xc211…b3f3 | p3=0xb94b…b3df
2026-02-25T10:58:29Z | block=42613877 | kind=Triangular | hops=V3CL→V3CL→V3CL | token=USDC | idx=7237 | profit=1.395408 USDC | amount_in=2986.893 | p1=0xdbc6…30f1 | p2=0xd974…0029 | p3=0xb94b…b3df
2026-02-25T10:58:30Z | block=42613878 | kind=Cross-dex | hops=V3CL→V3CL | token=WETH | idx=5322 | profit=0.00309327506442656 WETH | amount_in=5.871 | p1=0x72ab…2d38 | p2=0xdbc6…30f1 | p3=0x72ab…2d38
2026-02-25T10:58:30Z | block=42613878 | kind=Triangular | hops=V3CL→V3CL→V3CL | token=WETH | idx=4485 | profit=0.001923853127853842 WETH | amount_in=3.997 | p1=0xc211…b3f3 | p2=0xb94b…b3df | p3=0xdbc6…30f1
2026-02-25T10:58:30Z | block=42613878 | kind=Triangular | hops=V3CL→V3CL→V3CL | token=WETH | idx=1775 | profit=0.001019278420767457 WETH | amount_in=0.643 | p1=0x3f02…014a | p2=0x7cb7…9830 | p3=0xdbc6…30f1
2026-02-25T10:58:30Z | block=42613878 | kind=Triangular | hops=V3CL→V3CL→V3CL | token=WETH | idx=4673 | profit=0.000646603637608217 WETH | amount_in=1.484 | p1=0xd974…0029 | p2=0xb94b…b3df | p3=0xdbc6…30f1
2026-02-25T10:58:30Z | block=42613878 | kind=Cross-dex | hops=V3CL→V3CL | token=WETH | idx=5334 | profit=0.000388473474072882 WETH | amount_in=1.562 | p1=0xb775…4eaf | p2=0xdbc6…30f1 | p3=0xb775…4eaf
2026-02-25T10:58:30Z | block=42613878 | kind=Cross-dex | hops=V3CL→V3CL | token=WETH | idx=5321 | profit=0.000732758826963347 WETH | amount_in=3.729 | p1=0x72ab…2d38 | p2=0xb2cc…dc59 | p3=0x72ab…2d38
2026-02-25T10:58:30Z | block=42613878 | kind=Triangular | hops=V3CL→V3CL→V3CL | token=WETH | idx=1631 | profit=0.000331957720016496 WETH | amount_in=1.71 | p1=0x70ac…bae1 | p2=0xb94b…b3df | p3=0xdbc6…30f1
2026-02-25T10:58:30Z | block=42613878 | kind=Triangular | hops=V3CL→V3CL→V3CL | token=WETH | idx=4384 | profit=0.000431892473378029 WETH | amount_in=2.719 | p1=0xc211…b3f3 | p2=0x4e96…e778 | p3=0xdbc6…30f1
2026-02-25T10:58:30Z | block=42613878 | kind=Triangular | hops=V3CL→V3CL→V3CL | token=WETH | idx=4459 | profit=0.000273365516736464 WETH | amount_in=1.687 | p1=0xc211…b3f3 | p2=0xfbb6…43ef | p3=0xdbc6…30f1
2026-02-25T10:58:30Z | block=42613878 | kind=Triangular | hops=V3CL→V3CL→V3CL | token=WETH | idx=3283 | profit=0.000832497004327962 WETH | amount_in=0.531 | p1=0x9c08…b903 | p2=0x7cb7…9830 | p3=0xdbc6…30f1
2026-02-25T10:58:30Z | block=42613878 | kind=Triangular | hops=V3CL→V3CL→V3CL | token=WETH | idx=1780 | profit=0.000636770972401922 WETH | amount_in=0.512 | p1=0x3f02…014a | p2=0x7cb7…9830 | p3=0xd0b5…f224
2026-02-25T10:58:30Z | block=42613878 | kind=Triangular | hops=V3CL→V3CL→V3CL | token=WETH | idx=1774 | profit=0.000622898834299239 WETH | amount_in=0.511 | p1=0x3f02…014a | p2=0x7cb7…9830 | p3=0xb2cc…dc59
2026-02-25T10:58:30Z | block=42613878 | kind=Triangular | hops=V3CL→V3CL→V3CL | token=USDC | idx=7142 | profit=1.235036 USDC | amount_in=759.695 | p1=0xdbc6…30f1 | p2=0xc200…3065 | p3=0x7cb7…9830
2026-02-25T10:58:30Z | block=42613878 | kind=Triangular | hops=V3CL→V3CL→V3CL | token=USDC | idx=8312 | profit=0.984945 USDC | amount_in=631.946 | p1=0xb4cb…00e5 | p2=0xc200…3065 | p3=0x7cb7…9830
2026-02-25T10:58:31Z | block=42613878 | kind=Triangular | hops=V3CL→V3CL→V3CL | token=USDC | idx=7144 | profit=1.947871 USDC | amount_in=1228.306 | p1=0xdbc6…30f1 | p2=0x3f02…014a | p3=0x7cb7…9830
2026-02-25T10:58:31Z | block=42613878 | kind=Triangular | hops=V3CL→V3CL→V3CL | token=USDC | idx=7194 | profit=1.590882 USDC | amount_in=1014.254 | p1=0xdbc6…30f1 | p2=0x9c08…b903 | p3=0x7cb7…9830
2026-02-25T10:58:31Z | block=42613878 | kind=Triangular | hops=V3CL→V3CL→V3CL | token=USDC | idx=8314 | profit=1.41556 USDC | amount_in=932.903 | p1=0xb4cb…00e5 | p2=0x3f02…014a | p3=0x7cb7…9830
2026-02-25T10:58:31Z | block=42613878 | kind=Triangular | hops=V3CL→V3CL→V3CL | token=USDC | idx=8364 | profit=1.198084 USDC | amount_in=799.654 | p1=0xb4cb…00e5 | p2=0x9c08…b903 | p3=0x7cb7…9830
2026-02-25T10:58:31Z | block=42613878 | kind=Triangular | hops=V3CL→V3CL→V3CL | token=USDC | idx=8477 | profit=0.781928 USDC | amount_in=610.559 | p1=0xd0b5…f224 | p2=0xc200…3065 | p3=0x7cb7…9830
2026-02-25T10:58:31Z | block=42613878 | kind=Triangular | hops=V3CL→V3CL→V3CL | token=USDC | idx=6335 | profit=0.759792 USDC | amount_in=605.726 | p1=0xb2cc…dc59 | p2=0xc200…3065 | p3=0x7cb7…9830
2026-02-25T10:58:31Z | block=42613878 | kind=Triangular | hops=V3CL→V3CL→V3CL | token=USDC | idx=8479 | profit=1.217655 USDC | amount_in=978.028 | p1=0xd0b5…f224 | p2=0x3f02…014a | p3=0x7cb7…9830
2026-02-25T10:58:31Z | block=42613878 | kind=Triangular | hops=V3CL→V3CL→V3CL | token=USDC | idx=8529 | profit=0.988061 USDC | amount_in=808.176 | p1=0xd0b5…f224 | p2=0x9c08…b903 | p3=0x7cb7…9830
2026-02-25T10:58:31Z | block=42613878 | kind=Triangular | hops=V3CL→V3CL→V3CL | token=USDC | idx=6337 | profit=1.191127 USDC | amount_in=977.495 | p1=0xb2cc…dc59 | p2=0x3f02…014a | p3=0x7cb7…9830
2026-02-25T10:58:31Z | block=42613878 | kind=Triangular | hops=V3CL→V3CL→V3CL | token=USDC | idx=6387 | profit=0.96272 USDC | amount_in=803.598 | p1=0xb2cc…dc59 | p2=0x9c08…b903 | p3=0x7cb7…9830
2026-02-25T10:58:31Z | block=42613878 | kind=Triangular | hops=V3CL→V3CL→V3CL | token=USDC | idx=7400 | profit=0.603335 USDC | amount_in=630.958 | p1=0xc758…54e0 | p2=0x3f02…014a | p3=0x7cb7…9830
2026-02-25T10:58:31Z | block=42613878 | kind=Triangular | hops=V3CL→V3CL→V3CL | token=USDC | idx=9380 | profit=0.701127 USDC | amount_in=756.197 | p1=0x72ab…2d38 | p2=0x3f02…014a | p3=0x7cb7…9830
2026-02-25T10:58:31Z | block=42613878 | kind=Triangular | hops=V3CL→V3CL→V3CL | token=USDC | idx=9430 | profit=0.560438 USDC | amount_in=621.793 | p1=0x72ab…2d38 | p2=0x9c08…b903 | p3=0x7cb7…9830
2026-02-25T10:58:31Z | block=42613878 | kind=Triangular | hops=V3CL→V3CL→V3CL | token=USDC | idx=9644 | profit=0.501285 USDC | amount_in=635.136 | p1=0xb775…4eaf | p2=0x3f02…014a | p3=0x7cb7…9830
2026-02-25T10:58:31Z | block=42613878 | kind=Cross-dex | hops=V3CL→V3CL | token=USDC | idx=10115 | profit=5.91469 USDC | amount_in=11227.37 | p1=0xdbc6…30f1 | p2=0x72ab…2d38 | p3=0xdbc6…30f1
2026-02-25T10:58:32Z | block=42613878 | kind=Cross-dex | hops=V3CL→V3CL | token=USDC | idx=10116 | profit=0.742399 USDC | amount_in=2984.155 | p1=0xdbc6…30f1 | p2=0xb775…4eaf | p3=0xdbc6…30f1
2026-02-25T10:58:32Z | block=42613878 | kind=Cross-dex | hops=V3CL→V3CL | token=USDC | idx=10103 | profit=1.401272 USDC | amount_in=7125.828 | p1=0xb2cc…dc59 | p2=0x72ab…2d38 | p3=0xb2cc…dc59
2026-02-25T10:58:32Z | block=42613878 | kind=Triangular | hops=V3CL→V3CL→V3CL | token=USDC | idx=7237 | profit=1.236077 USDC | amount_in=2828.854 | p1=0xdbc6…30f1 | p2=0xd974…0029 | p3=0xb94b…b3df
2026-02-25T10:58:32Z | block=42613878 | kind=Triangular | hops=V3CL→V3CL→V3CL | token=USDC | idx=7226 | profit=3.677905 USDC | amount_in=7638.274 | p1=0xdbc6…30f1 | p2=0xc211…b3f3 | p3=0xb94b…b3df
2026-02-25T10:58:32Z | block=42613879 | kind=Cross-dex | hops=V3CL→V3CL | token=WETH | idx=5322 | profit=0.003093321486079853 WETH | amount_in=5.871 | p1=0x72ab…2d38 | p2=0xdbc6…30f1 | p3=0x72ab…2d38
2026-02-25T10:58:32Z | block=42613879 | kind=Triangular | hops=V3CL→V3CL→V3CL | token=WETH | idx=4485 | profit=0.001923914154072221 WETH | amount_in=3.997 | p1=0xc211…b3f3 | p2=0xb94b…b3df | p3=0xdbc6…30f1
2026-02-25T10:58:32Z | block=42613879 | kind=Triangular | hops=V3CL→V3CL→V3CL | token=WETH | idx=1775 | profit=0.001046371546064945 WETH | amount_in=0.651 | p1=0x3f02…014a | p2=0x7cb7…9830 | p3=0xdbc6…30f1
2026-02-25T10:58:32Z | block=42613879 | kind=Triangular | hops=V3CL→V3CL→V3CL | token=WETH | idx=4673 | profit=0.000646664663826599 WETH | amount_in=1.484 | p1=0xd974…0029 | p2=0xb94b…b3df | p3=0xdbc6…30f1
2026-02-25T10:58:32Z | block=42613879 | kind=Cross-dex | hops=V3CL→V3CL | token=WETH | idx=5334 | profit=0.000388519895726181 WETH | amount_in=1.562 | p1=0xb775…4eaf | p2=0xdbc6…30f1 | p3=0xb775…4eaf
2026-02-25T10:58:32Z | block=42613879 | kind=Cross-dex | hops=V3CL→V3CL | token=WETH | idx=5321 | profit=0.000732805248616648 WETH | amount_in=3.729 | p1=0x72ab…2d38 | p2=0xb2cc…dc59 | p3=0x72ab…2d38
2026-02-25T10:58:32Z | block=42613879 | kind=Triangular | hops=V3CL→V3CL→V3CL | token=WETH | idx=1631 | profit=0.000332018746234878 WETH | amount_in=1.71 | p1=0x70ac…bae1 | p2=0xb94b…b3df | p3=0xdbc6…30f1
2026-02-25T10:58:32Z | block=42613879 | kind=Triangular | hops=V3CL→V3CL→V3CL | token=WETH | idx=4384 | profit=0.00043195349959641 WETH | amount_in=2.719 | p1=0xc211…b3f3 | p2=0x4e96…e778 | p3=0xdbc6…30f1
2026-02-25T10:58:33Z | block=42613879 | kind=Triangular | hops=V3CL→V3CL→V3CL | token=WETH | idx=4459 | profit=0.000273426542954846 WETH | amount_in=1.687 | p1=0xc211…b3f3 | p2=0xfbb6…43ef | p3=0xdbc6…30f1
2026-02-25T10:58:33Z | block=42613879 | kind=Triangular | hops=V3CL→V3CL→V3CL | token=WETH | idx=3283 | profit=0.000832558030546346 WETH | amount_in=0.531 | p1=0x9c08…b903 | p2=0x7cb7…9830 | p3=0xdbc6…30f1
2026-02-25T10:58:33Z | block=42613879 | kind=Triangular | hops=V3CL→V3CL→V3CL | token=WETH | idx=1780 | profit=0.000658373497988471 WETH | amount_in=0.52 | p1=0x3f02…014a | p2=0x7cb7…9830 | p3=0xd0b5…f224
2026-02-25T10:58:33Z | block=42613879 | kind=Triangular | hops=V3CL→V3CL→V3CL | token=WETH | idx=1774 | profit=0.000644482012922957 WETH | amount_in=0.52 | p1=0x3f02…014a | p2=0x7cb7…9830 | p3=0xb2cc…dc59
2026-02-25T10:58:33Z | block=42613879 | kind=Triangular | hops=V3CL→V3CL→V3CL | token=USDC | idx=7142 | profit=1.235153 USDC | amount_in=759.695 | p1=0xdbc6…30f1 | p2=0xc200…3065 | p3=0x7cb7…9830
2026-02-25T10:58:33Z | block=42613879 | kind=Triangular | hops=V3CL→V3CL→V3CL | token=USDC | idx=7144 | profit=1.999653 USDC | amount_in=1244.48 | p1=0xdbc6…30f1 | p2=0x3f02…014a | p3=0x7cb7…9830
2026-02-25T10:58:33Z | block=42613879 | kind=Triangular | hops=V3CL→V3CL→V3CL | token=USDC | idx=7194 | profit=1.590999 USDC | amount_in=1014.254 | p1=0xdbc6…30f1 | p2=0x9c08…b903 | p3=0x7cb7…9830
2026-02-25T10:58:33Z | block=42613879 | kind=Triangular | hops=V3CL→V3CL→V3CL | token=USDC | idx=8314 | profit=1.454918 USDC | amount_in=945.083 | p1=0xb4cb…00e5 | p2=0x3f02…014a | p3=0x7cb7…9830
2026-02-25T10:58:33Z | block=42613879 | kind=Triangular | hops=V3CL→V3CL→V3CL | token=USDC | idx=8364 | profit=1.198201 USDC | amount_in=799.654 | p1=0xb4cb…00e5 | p2=0x9c08…b903 | p3=0x7cb7…9830
2026-02-25T10:58:33Z | block=42613879 | kind=Triangular | hops=V3CL→V3CL→V3CL | token=USDC | idx=6335 | profit=0.759909 USDC | amount_in=605.726 | p1=0xb2cc…dc59 | p2=0xc200…3065 | p3=0x7cb7…9830
2026-02-25T10:58:33Z | block=42613879 | kind=Triangular | hops=V3CL→V3CL→V3CL | token=USDC | idx=8479 | profit=1.258968 USDC | amount_in=993.626 | p1=0xd0b5…f224 | p2=0x3f02…014a | p3=0x7cb7…9830
2026-02-25T10:58:33Z | block=42613879 | kind=Triangular | hops=V3CL→V3CL→V3CL | token=USDC | idx=6337 | profit=1.232405 USDC | amount_in=992.974 | p1=0xb2cc…dc59 | p2=0x3f02…014a | p3=0x7cb7…9830
2026-02-25T10:58:33Z | block=42613879 | kind=Triangular | hops=V3CL→V3CL→V3CL | token=USDC | idx=8529 | profit=0.988178 USDC | amount_in=808.176 | p1=0xd0b5…f224 | p2=0x9c08…b903 | p3=0x7cb7…9830
2026-02-25T10:58:33Z | block=42613879 | kind=Triangular | hops=V3CL→V3CL→V3CL | token=USDC | idx=6387 | profit=0.962837 USDC | amount_in=803.598 | p1=0xb2cc…dc59 | p2=0x9c08…b903 | p3=0x7cb7…9830
2026-02-25T10:58:33Z | block=42613879 | kind=Triangular | hops=V3CL→V3CL→V3CL | token=USDC | idx=7400 | profit=0.630095 USDC | amount_in=643.366 | p1=0xc758…54e0 | p2=0x3f02…014a | p3=0x7cb7…9830
2026-02-25T10:58:34Z | block=42613879 | kind=Triangular | hops=V3CL→V3CL→V3CL | token=USDC | idx=9380 | profit=0.73317 USDC | amount_in=772.043 | p1=0x72ab…2d38 | p2=0x3f02…014a | p3=0x7cb7…9830
2026-02-25T10:58:34Z | block=42613879 | kind=Triangular | hops=V3CL→V3CL→V3CL | token=USDC | idx=9430 | profit=0.560555 USDC | amount_in=621.793 | p1=0x72ab…2d38 | p2=0x9c08…b903 | p3=0x7cb7…9830
2026-02-25T10:58:34Z | block=42613879 | kind=Triangular | hops=V3CL→V3CL→V3CL | token=USDC | idx=9644 | profit=0.528268 USDC | amount_in=650.498 | p1=0xb775…4eaf | p2=0x3f02…014a | p3=0x7cb7…9830
2026-02-25T10:58:34Z | block=42613879 | kind=Cross-dex | hops=V3CL→V3CL | token=USDC | idx=10115 | profit=5.914779 USDC | amount_in=11227.37 | p1=0xdbc6…30f1 | p2=0x72ab…2d38 | p3=0xdbc6…30f1
2026-02-25T10:58:34Z | block=42613879 | kind=Cross-dex | hops=V3CL→V3CL | token=USDC | idx=10116 | profit=0.742488 USDC | amount_in=2984.155 | p1=0xdbc6…30f1 | p2=0xb775…4eaf | p3=0xdbc6…30f1
2026-02-25T10:58:34Z | block=42613879 | kind=Cross-dex | hops=V3CL→V3CL | token=USDC | idx=10103 | profit=1.401361 USDC | amount_in=7125.828 | p1=0xb2cc…dc59 | p2=0x72ab…2d38 | p3=0xb2cc…dc59
2026-02-25T10:58:34Z | block=42613879 | kind=Triangular | hops=V3CL→V3CL→V3CL | token=USDC | idx=7237 | profit=1.236194 USDC | amount_in=2828.854 | p1=0xdbc6…30f1 | p2=0xd974…0029 | p3=0xb94b…b3df
2026-02-25T10:58:34Z | block=42613879 | kind=Triangular | hops=V3CL→V3CL→V3CL | token=USDC | idx=7226 | profit=3.678022 USDC | amount_in=7638.274 | p1=0xdbc6…30f1 | p2=0xc211…b3f3 | p3=0xb94b…b3df
2026-02-25T10:58:34Z | block=42613880 | kind=Triangular | hops=V3CL→V3CL→V3CL | token=WETH | idx=1775 | profit=0.001046381456305538 WETH | amount_in=0.651 | p1=0x3f02…014a | p2=0x7cb7…9830 | p3=0xdbc6…30f1
2026-02-25T10:58:34Z | block=42613880 | kind=Triangular | hops=V3CL→V3CL→V3CL | token=WETH | idx=1780 | profit=0.000658383408229064 WETH | amount_in=0.52 | p1=0x3f02…014a | p2=0x7cb7…9830 | p3=0xd0b5…f224
2026-02-25T10:58:34Z | block=42613880 | kind=Triangular | hops=V3CL→V3CL→V3CL | token=WETH | idx=1774 | profit=0.00064449192316355 WETH | amount_in=0.52 | p1=0x3f02…014a | p2=0x7cb7…9830 | p3=0xb2cc…dc59
2026-02-25T10:58:34Z | block=42613880 | kind=Triangular | hops=V3CL→V3CL→V3CL | token=USDC | idx=7144 | profit=1.999672 USDC | amount_in=1244.48 | p1=0xdbc6…30f1 | p2=0x3f02…014a | p3=0x7cb7…9830
2026-02-25T10:58:35Z | block=42613880 | kind=Triangular | hops=V3CL→V3CL→V3CL | token=USDC | idx=8314 | profit=1.454937 USDC | amount_in=945.083 | p1=0xb4cb…00e5 | p2=0x3f02…014a | p3=0x7cb7…9830
2026-02-25T10:58:35Z | block=42613880 | kind=Triangular | hops=V3CL→V3CL→V3CL | token=USDC | idx=8479 | profit=1.258987 USDC | amount_in=993.626 | p1=0xd0b5…f224 | p2=0x3f02…014a | p3=0x7cb7…9830
2026-02-25T10:58:35Z | block=42613880 | kind=Triangular | hops=V3CL→V3CL→V3CL | token=USDC | idx=6337 | profit=1.232424 USDC | amount_in=992.974 | p1=0xb2cc…dc59 | p2=0x3f02…014a | p3=0x7cb7…9830
2026-02-25T10:58:35Z | block=42613880 | kind=Triangular | hops=V3CL→V3CL→V3CL | token=USDC | idx=7400 | profit=0.630114 USDC | amount_in=643.366 | p1=0xc758…54e0 | p2=0x3f02…014a | p3=0x7cb7…9830
2026-02-25T10:58:35Z | block=42613880 | kind=Triangular | hops=V3CL→V3CL→V3CL | token=USDC | idx=9380 | profit=0.733189 USDC | amount_in=772.043 | p1=0x72ab…2d38 | p2=0x3f02…014a | p3=0x7cb7…9830
2026-02-25T10:58:35Z | block=42613880 | kind=Triangular | hops=V3CL→V3CL→V3CL | token=USDC | idx=9644 | profit=0.528287 USDC | amount_in=650.498 | p1=0xb775…4eaf | p2=0x3f02…014a | p3=0x7cb7…9830
2026-02-25T10:58:35Z | block=42613881 | kind=Triangular | hops=V3CL→V3CL→V3CL | token=WETH | idx=4066 | profit=0.000308610566175088 WETH | amount_in=1.386 | p1=0x72ab…2d38 | p2=0x4e96…e778 | p3=0x22ae…91d5
2026-02-25T10:58:35Z | block=42613881 | kind=Cross-dex | hops=V3CL→V3CL | token=WETH | idx=5175 | profit=0.000317946948701933 WETH | amount_in=1.54 | p1=0xc211…b3f3 | p2=0x22ae…91d5 | p3=0xc211…b3f3
2026-02-25T10:58:35Z | block=42613881 | kind=Triangular | hops=V3CL→V3CL→V3CL | token=WETH | idx=4384 | profit=0.00037112594260584 WETH | amount_in=2.478 | p1=0xc211…b3f3 | p2=0x4e96…e778 | p3=0xdbc6…30f1
2026-02-25T10:58:35Z | block=42613881 | kind=Triangular | hops=V3CL→V3CL→V3CL | token=WETH | idx=1631 | profit=0.000263377477585871 WETH | amount_in=1.563 | p1=0x70ac…bae1 | p2=0xb94b…b3df | p3=0xdbc6…30f1
2026-02-25T10:58:35Z | block=42613881 | kind=Triangular | hops=V3CL→V3CL→V3CL | token=USDC | idx=8312 | profit=1.169504 USDC | amount_in=686.337 | p1=0xb4cb…00e5 | p2=0xc200…3065 | p3=0x7cb7…9830
2026-02-25T10:58:35Z | block=42613881 | kind=Triangular | hops=V3CL→V3CL→V3CL | token=USDC | idx=8314 | profit=1.731057 USDC | amount_in=1028.334 | p1=0xb4cb…00e5 | p2=0x3f02…014a | p3=0x7cb7…9830
2026-02-25T10:58:35Z | block=42613881 | kind=Triangular | hops=V3CL→V3CL→V3CL | token=USDC | idx=8364 | profit=1.432057 USDC | amount_in=871.444 | p1=0xb4cb…00e5 | p2=0x9c08…b903 | p3=0x7cb7…9830
2026-02-25T10:58:36Z | block=42613881 | kind=Cross-dex | hops=V3CL→V3CL | token=USDC | idx=10163 | profit=0.919662 USDC | amount_in=1410.988 | p1=0xb4cb…00e5 | p2=0x72ab…2d38 | p3=0xb4cb…00e5
2026-02-25T11:25:27Z | block=42614688 | kind=Triangular | hops=V3CL→V3CL→V3CL | token=USDC | idx=7144 | profit=0.500376 USDC | amount_in=638.27 | p1=0xdbc6…30f1 | p2=0x3f02…014a | p3=0x7cb7…9830
2026-02-25T11:25:33Z | block=42614691 | kind=Triangular | hops=V3CL→V3CL→V3CL | token=USDC | idx=7144 | profit=0.548734 USDC | amount_in=665.972 | p1=0xdbc6…30f1 | p2=0x3f02…014a | p3=0x7cb7…9830
2026-02-25T11:25:33Z | block=42614691 | kind=Triangular | hops=V3CL→V3CL→V3CL | token=USDC | idx=9380 | profit=0.516804 USDC | amount_in=657.664 | p1=0x72ab…2d38 | p2=0x3f02…014a | p3=0x7cb7…9830
2026-02-25T11:25:35Z | block=42614692 | kind=Triangular | hops=V3CL→V3CL→V3CL | token=USDC | idx=8364 | profit=0.813782 USDC | amount_in=699.165 | p1=0xb4cb…00e5 | p2=0x9c08…b903 | p3=0x7cb7…9830
2026-02-25T11:25:35Z | block=42614692 | kind=Triangular | hops=V3CL→V3CL→V3CL | token=USDC | idx=7194 | profit=0.925678 USDC | amount_in=828.374 | p1=0xdbc6…30f1 | p2=0x9c08…b903 | p3=0x7cb7…9830
2026-02-25T11:25:35Z | block=42614692 | kind=Triangular | hops=V3CL→V3CL→V3CL | token=USDC | idx=9430 | profit=0.867204 USDC | amount_in=808.515 | p1=0x72ab…2d38 | p2=0x9c08…b903 | p3=0x7cb7…9830
2026-02-25T11:25:35Z | block=42614692 | kind=Triangular | hops=V3CL→V3CL→V3CL | token=USDC | idx=8529 | profit=0.762672 USDC | amount_in=759.613 | p1=0xd0b5…f224 | p2=0x9c08…b903 | p3=0x7cb7…9830
2026-02-25T11:25:35Z | block=42614692 | kind=Triangular | hops=V3CL→V3CL→V3CL | token=USDC | idx=9694 | profit=0.674847 USDC | amount_in=698.978 | p1=0xb775…4eaf | p2=0x9c08…b903 | p3=0x7cb7…9830
2026-02-25T11:25:35Z | block=42614692 | kind=Triangular | hops=V3CL→V3CL→V3CL | token=USDC | idx=6387 | profit=0.686033 USDC | amount_in=729.773 | p1=0xb2cc…dc59 | p2=0x9c08…b903 | p3=0x7cb7…9830
2026-02-25T11:25:35Z | block=42614692 | kind=Triangular | hops=V3CL→V3CL→V3CL | token=USDC | idx=9380 | profit=0.509071 USDC | amount_in=653.424 | p1=0x72ab…2d38 | p2=0x3f02…014a | p3=0x7cb7…9830
2026-02-25T11:28:49Z | block=42614789 | kind=Cross-dex | hops=V3CL→V3CL | token=WETH | idx=5115 | profit=0.000330993242876447 WETH | amount_in=1.394 | p1=0xdbc6…30f1 | p2=0x72ab…2d38 | p3=0xdbc6…30f1
2026-02-25T11:28:49Z | block=42614789 | kind=Cross-dex | hops=V3CL→V3CL | token=USDC | idx=10184 | profit=0.635402 USDC | amount_in=2671.827 | p1=0x72ab…2d38 | p2=0xdbc6…30f1 | p3=0x72ab…2d38
2026-02-25T11:28:51Z | block=42614790 | kind=Cross-dex | hops=V3CL→V3CL | token=WETH | idx=5115 | profit=0.000398009489843683 WETH | amount_in=1.521 | p1=0xdbc6…30f1 | p2=0x72ab…2d38 | p3=0xdbc6…30f1
2026-02-25T11:28:51Z | block=42614790 | kind=Cross-dex | hops=V3CL→V3CL | token=USDC | idx=10184 | profit=0.764055 USDC | amount_in=2917.586 | p1=0x72ab…2d38 | p2=0xdbc6…30f1 | p3=0x72ab…2d38
2026-02-25T11:28:59Z | block=42614794 | kind=Cross-dex | hops=V3CL→V3CL | token=WETH | idx=5115 | profit=0.000695865012346698 WETH | amount_in=1.992 | p1=0xdbc6…30f1 | p2=0x72ab…2d38 | p3=0xdbc6…30f1
2026-02-25T11:28:59Z | block=42614794 | kind=Cross-dex | hops=V3CL→V3CL | token=USDC | idx=10184 | profit=1.33589 USDC | amount_in=3820.975 | p1=0x72ab…2d38 | p2=0xdbc6…30f1 | p3=0x72ab…2d38
2026-02-25T11:29:07Z | block=42614798 | kind=Cross-dex | hops=V3CL→V3CL | token=WETH | idx=5115 | profit=0.000478622003916686 WETH | amount_in=1.661 | p1=0xdbc6…30f1 | p2=0x72ab…2d38 | p3=0xdbc6…30f1
2026-02-25T11:29:07Z | block=42614798 | kind=Cross-dex | hops=V3CL→V3CL | token=USDC | idx=10184 | profit=0.918813 USDC | amount_in=3185.747 | p1=0x72ab…2d38 | p2=0xdbc6…30f1 | p3=0x72ab…2d38
2026-02-25T11:29:15Z | block=42614802 | kind=Cross-dex | hops=V3CL→V3CL | token=WETH | idx=5115 | profit=0.000666807005017481 WETH | amount_in=1.951 | p1=0xdbc6…30f1 | p2=0x72ab…2d38 | p3=0xdbc6…30f1
2026-02-25T11:29:15Z | block=42614802 | kind=Cross-dex | hops=V3CL→V3CL | token=USDC | idx=10184 | profit=1.280101 USDC | amount_in=3744.548 | p1=0x72ab…2d38 | p2=0xdbc6…30f1 | p3=0x72ab…2d38
2026-02-25T11:29:17Z | block=42614803 | kind=Cross-dex | hops=V3CL→V3CL | token=WETH | idx=5115 | profit=0.000654277088614018 WETH | amount_in=1.933 | p1=0xdbc6…30f1 | p2=0x72ab…2d38 | p3=0xdbc6…30f1
2026-02-25T11:29:17Z | block=42614803 | kind=Cross-dex | hops=V3CL→V3CL | token=USDC | idx=10184 | profit=1.256045 USDC | amount_in=3708.337 | p1=0x72ab…2d38 | p2=0xdbc6…30f1 | p3=0x72ab…2d38
2026-02-25T11:29:29Z | block=42614809 | kind=Cross-dex | hops=V3CL→V3CL | token=WETH | idx=5115 | profit=0.000656878349911391 WETH | amount_in=1.936 | p1=0xdbc6…30f1 | p2=0x72ab…2d38 | p3=0xdbc6…30f1
2026-02-25T11:29:29Z | block=42614809 | kind=Cross-dex | hops=V3CL→V3CL | token=USDC | idx=10184 | profit=1.261039 USDC | amount_in=3714.805 | p1=0x72ab…2d38 | p2=0xdbc6…30f1 | p3=0x72ab…2d38
2026-02-25T11:29:31Z | block=42614810 | kind=Cross-dex | hops=V3CL→V3CL | token=WETH | idx=5115 | profit=0.000686292834160773 WETH | amount_in=1.979 | p1=0xdbc6…30f1 | p2=0x72ab…2d38 | p3=0xdbc6…30f1
2026-02-25T11:29:31Z | block=42614810 | kind=Cross-dex | hops=V3CL→V3CL | token=USDC | idx=10184 | profit=1.317511 USDC | amount_in=3794.624 | p1=0x72ab…2d38 | p2=0xdbc6…30f1 | p3=0x72ab…2d38
